#include <Arduino_FreeRTOS.h>
void loop();
void setup();
int JanC_func(int JanC_a, int JanC_b);
int JanC_a;
int JanC_func(int JanC_a, int JanC_b) {
	return JanC_a + JanC_b;
};
void setup() {
	JanC_a = JanC_func(1, 5);
};
void loop() {
};
