#include <Arduino_FreeRTOS.h>
void loop();
void setup();
const int JanC_pina=5;
void setup() {
	pinMode(5,OUTPUT);
	digitalWrite(JanC_pina, 1);
};
void loop() {
};
