#include <Arduino_FreeRTOS.h>
void loop();
void setup();
void setup() {
};
void loop() {
};
