#include <Arduino_FreeRTOS.h>
void loop();
void setup();
void JanC_func();
void JanC_func() {
	digitalWrite(1, 0);
	int JanC_a=digitalRead(2);
	analogWrite(3, 5);
	int JanC_b=analogRead(4);
	vTaskDelay(1000);
};
void setup() {
	pinMode(1,OUTPUT);
	pinMode(2,INPUT);
	pinMode(3,OUTPUT);
	pinMode(4,INPUT);
};
void loop() {
};
