#include <Arduino_FreeRTOS.h>
void loop();
void setup();
int JanC_a;
void setup() {
	JanC_a = 5;
	if (JanC_a == 5) {
		JanC_a = 10;
	};
	if (JanC_a == 10) JanC_a = 100;
};
void loop() {
};
